2026-01-06 00:36:00 [INFO]: 🚀 Checking database connection... {"service":"elos-api","type":"startup"}
2026-01-06 00:36:00 [ERROR]: Failed to start server: Database connection failed {"service":"elos-api"}
Error: Database connection failed
    at startServer (/workspaces/elos/backend/server.js:373:19)
    at process.processTicksAndRejections (node:internal/process/task_queues:103:5)
2026-02-04 02:34:07 [INFO]: 🚀 Checking database connection... {"service":"elos-api","type":"startup"}
2026-02-04 02:34:08 [INFO]: 🚀 ELOS API Server started {"service":"elos-api","type":"startup","port":"5000","environment":"development","nodeVersion":"v24.11.1"}
2026-02-04 02:34:46 [INFO]: 🛑 Received SIGINT, starting graceful shutdown... {"service":"elos-api","type":"shutdown"}
2026-02-04 20:27:30 [INFO]: 🚀 Checking database connection... {"service":"elos-api","type":"startup"}
2026-02-04 20:27:30 [INFO]: 🚀 ELOS API Server started {"service":"elos-api","type":"startup","port":"5000","environment":"development","nodeVersion":"v24.11.1"}
2026-02-04 20:27:44 [WARN]: Security Event: CORS_BLOCKED {"service":"elos-api","type":"security","event":"CORS_BLOCKED","origin":"https://localhost:5000"}
2026-02-04 20:27:44 [ERROR]: Unhandled error: {"service":"elos-api","error":"Not allowed by CORS","url":"/assets/index-OQMpT3ZM.css","method":"GET","ip":"66.9.166.49"}
Error: Not allowed by CORS
    at origin (/workspaces/elos/backend/server.js:127:22)
    at /workspaces/elos/backend/node_modules/cors/lib/index.js:219:13
    at optionsCallback (/workspaces/elos/backend/node_modules/cors/lib/index.js:199:9)
    at corsMiddleware (/workspaces/elos/backend/node_modules/cors/lib/index.js:204:7)
    at Layer.handle [as handle_request] (/workspaces/elos/backend/node_modules/express/lib/router/layer.js:95:5)
    at trim_prefix (/workspaces/elos/backend/node_modules/express/lib/router/index.js:328:13)
    at /workspaces/elos/backend/node_modules/express/lib/router/index.js:286:9
    at router.process_params (/workspaces/elos/backend/node_modules/express/lib/router/index.js:346:12)
    at next (/workspaces/elos/backend/node_modules/express/lib/router/index.js:280:10)
    at internalNext (/workspaces/elos/backend/node_modules/helmet/index.cjs:537:6)
2026-02-04 20:27:44 [WARN]: Security Event: CORS_BLOCKED {"service":"elos-api","type":"security","event":"CORS_BLOCKED","origin":"https://localhost:5000"}
2026-02-04 20:27:44 [ERROR]: Unhandled error: {"service":"elos-api","error":"Not allowed by CORS","url":"/assets/index-kxQw0G5O.js","method":"GET","ip":"66.9.166.49"}
Error: Not allowed by CORS
    at origin (/workspaces/elos/backend/server.js:127:22)
    at /workspaces/elos/backend/node_modules/cors/lib/index.js:219:13
    at optionsCallback (/workspaces/elos/backend/node_modules/cors/lib/index.js:199:9)
    at corsMiddleware (/workspaces/elos/backend/node_modules/cors/lib/index.js:204:7)
    at Layer.handle [as handle_request] (/workspaces/elos/backend/node_modules/express/lib/router/layer.js:95:5)
    at trim_prefix (/workspaces/elos/backend/node_modules/express/lib/router/index.js:328:13)
    at /workspaces/elos/backend/node_modules/express/lib/router/index.js:286:9
    at router.process_params (/workspaces/elos/backend/node_modules/express/lib/router/index.js:346:12)
    at next (/workspaces/elos/backend/node_modules/express/lib/router/index.js:280:10)
    at internalNext (/workspaces/elos/backend/node_modules/helmet/index.cjs:537:6)
2026-02-04 20:28:06 [WARN]: Security Event: CORS_BLOCKED {"service":"elos-api","type":"security","event":"CORS_BLOCKED","origin":"https://localhost:5000"}
2026-02-04 20:28:06 [ERROR]: Unhandled error: {"service":"elos-api","error":"Not allowed by CORS","url":"/assets/index-kxQw0G5O.js","method":"GET","ip":"66.9.166.49"}
Error: Not allowed by CORS
    at origin (/workspaces/elos/backend/server.js:127:22)
    at /workspaces/elos/backend/node_modules/cors/lib/index.js:219:13
    at optionsCallback (/workspaces/elos/backend/node_modules/cors/lib/index.js:199:9)
    at corsMiddleware (/workspaces/elos/backend/node_modules/cors/lib/index.js:204:7)
    at Layer.handle [as handle_request] (/workspaces/elos/backend/node_modules/express/lib/router/layer.js:95:5)
    at trim_prefix (/workspaces/elos/backend/node_modules/express/lib/router/index.js:328:13)
    at /workspaces/elos/backend/node_modules/express/lib/router/index.js:286:9
    at router.process_params (/workspaces/elos/backend/node_modules/express/lib/router/index.js:346:12)
    at next (/workspaces/elos/backend/node_modules/express/lib/router/index.js:280:10)
    at internalNext (/workspaces/elos/backend/node_modules/helmet/index.cjs:537:6)
2026-02-04 20:28:06 [WARN]: Security Event: CORS_BLOCKED {"service":"elos-api","type":"security","event":"CORS_BLOCKED","origin":"https://localhost:5000"}
2026-02-04 20:28:06 [ERROR]: Unhandled error: {"service":"elos-api","error":"Not allowed by CORS","url":"/assets/index-OQMpT3ZM.css","method":"GET","ip":"66.9.166.49"}
Error: Not allowed by CORS
    at origin (/workspaces/elos/backend/server.js:127:22)
    at /workspaces/elos/backend/node_modules/cors/lib/index.js:219:13
    at optionsCallback (/workspaces/elos/backend/node_modules/cors/lib/index.js:199:9)
    at corsMiddleware (/workspaces/elos/backend/node_modules/cors/lib/index.js:204:7)
    at Layer.handle [as handle_request] (/workspaces/elos/backend/node_modules/express/lib/router/layer.js:95:5)
    at trim_prefix (/workspaces/elos/backend/node_modules/express/lib/router/index.js:328:13)
    at /workspaces/elos/backend/node_modules/express/lib/router/index.js:286:9
    at router.process_params (/workspaces/elos/backend/node_modules/express/lib/router/index.js:346:12)
    at next (/workspaces/elos/backend/node_modules/express/lib/router/index.js:280:10)
    at internalNext (/workspaces/elos/backend/node_modules/helmet/index.cjs:537:6)
2026-02-04 20:30:38 [INFO]: 🛑 Received SIGINT, starting graceful shutdown... {"service":"elos-api","type":"shutdown"}
